
Processing vanilla predictions...
  Processing 10L_90NL_1_1...
    Saved results to ../../data/accuracies/stem_accuracy_by_tag/vanilla/stem_acc_by_tag_10L_90NL_1_1.csv
  Processing 10L_90NL_1_2...
    Saved results to ../../data/accuracies/stem_accuracy_by_tag/vanilla/stem_acc_by_tag_10L_90NL_1_2.csv
  Processing 10L_90NL_1_3...
    Saved results to ../../data/accuracies/stem_accuracy_by_tag/vanilla/stem_acc_by_tag_10L_90NL_1_3.csv
  Processing 10L_90NL_1_4...
    Saved results to ../../data/accuracies/stem_accuracy_by_tag/vanilla/stem_acc_by_tag_10L_90NL_1_4.csv
  Processing 10L_90NL_2_1...
    Saved results to ../../data/accuracies/stem_accuracy_by_tag/vanilla/stem_acc_by_tag_10L_90NL_2_1.csv
  Processing 10L_90NL_2_2...
    Saved results to ../../data/accuracies/stem_accuracy_by_tag/vanilla/stem_acc_by_tag_10L_90NL_2_2.csv
  Processing 10L_90NL_2_3...
    Saved results to ../../data/accuracies/stem_accuracy_by_tag/vanilla/stem_acc_by_tag_10L_90NL_2_3.csv
  Processing 10L_90NL_2_4...
    Saved results to ../../data/accuracies/stem_accuracy_by_tag/vanilla/stem_acc_by_tag_10L_90NL_2_4.csv
  Processing 10L_90NL_3_1...
    Saved results to ../../data/accuracies/stem_accuracy_by_tag/vanilla/stem_acc_by_tag_10L_90NL_3_1.csv
  Processing 10L_90NL_3_2...
    Saved results to ../../data/accuracies/stem_accuracy_by_tag/vanilla/stem_acc_by_tag_10L_90NL_3_2.csv
  Processing 10L_90NL_3_3...
    Saved results to ../../data/accuracies/stem_accuracy_by_tag/vanilla/stem_acc_by_tag_10L_90NL_3_3.csv
  Processing 10L_90NL_3_4...
    Saved results to ../../data/accuracies/stem_accuracy_by_tag/vanilla/stem_acc_by_tag_10L_90NL_3_4.csv
  Processing 50L_50NL_1_1...
    Saved results to ../../data/accuracies/stem_accuracy_by_tag/vanilla/stem_acc_by_tag_50L_50NL_1_1.csv
  Processing 50L_50NL_1_2...
    Saved results to ../../data/accuracies/stem_accuracy_by_tag/vanilla/stem_acc_by_tag_50L_50NL_1_2.csv
  Processing 50L_50NL_1_3...
    Saved results to ../../data/accuracies/stem_accuracy_by_tag/vanilla/stem_acc_by_tag_50L_50NL_1_3.csv
  Processing 50L_50NL_1_4...
    Saved results to ../../data/accuracies/stem_accuracy_by_tag/vanilla/stem_acc_by_tag_50L_50NL_1_4.csv
  Processing 50L_50NL_2_1...
    Saved results to ../../data/accuracies/stem_accuracy_by_tag/vanilla/stem_acc_by_tag_50L_50NL_2_1.csv
  Processing 50L_50NL_2_2...
    Saved results to ../../data/accuracies/stem_accuracy_by_tag/vanilla/stem_acc_by_tag_50L_50NL_2_2.csv
  Processing 50L_50NL_2_3...
    Saved results to ../../data/accuracies/stem_accuracy_by_tag/vanilla/stem_acc_by_tag_50L_50NL_2_3.csv
  Processing 50L_50NL_2_4...
    Saved results to ../../data/accuracies/stem_accuracy_by_tag/vanilla/stem_acc_by_tag_50L_50NL_2_4.csv
  Processing 50L_50NL_3_1...
    Saved results to ../../data/accuracies/stem_accuracy_by_tag/vanilla/stem_acc_by_tag_50L_50NL_3_1.csv
  Processing 50L_50NL_3_2...
    Saved results to ../../data/accuracies/stem_accuracy_by_tag/vanilla/stem_acc_by_tag_50L_50NL_3_2.csv
  Processing 50L_50NL_3_3...
    Saved results to ../../data/accuracies/stem_accuracy_by_tag/vanilla/stem_acc_by_tag_50L_50NL_3_3.csv
  Processing 50L_50NL_3_4...
    Saved results to ../../data/accuracies/stem_accuracy_by_tag/vanilla/stem_acc_by_tag_50L_50NL_3_4.csv
  Processing 90L_10NL_1_1...
    Saved results to ../../data/accuracies/stem_accuracy_by_tag/vanilla/stem_acc_by_tag_90L_10NL_1_1.csv
  Processing 90L_10NL_1_2...
    Saved results to ../../data/accuracies/stem_accuracy_by_tag/vanilla/stem_acc_by_tag_90L_10NL_1_2.csv
  Processing 90L_10NL_1_3...
    Saved results to ../../data/accuracies/stem_accuracy_by_tag/vanilla/stem_acc_by_tag_90L_10NL_1_3.csv
  Processing 90L_10NL_1_4...
    Saved results to ../../data/accuracies/stem_accuracy_by_tag/vanilla/stem_acc_by_tag_90L_10NL_1_4.csv
  Processing 90L_10NL_2_1...
    Saved results to ../../data/accuracies/stem_accuracy_by_tag/vanilla/stem_acc_by_tag_90L_10NL_2_1.csv
  Processing 90L_10NL_2_2...
    Saved results to ../../data/accuracies/stem_accuracy_by_tag/vanilla/stem_acc_by_tag_90L_10NL_2_2.csv
  Processing 90L_10NL_2_3...
    Saved results to ../../data/accuracies/stem_accuracy_by_tag/vanilla/stem_acc_by_tag_90L_10NL_2_3.csv
  Processing 90L_10NL_2_4...
    Saved results to ../../data/accuracies/stem_accuracy_by_tag/vanilla/stem_acc_by_tag_90L_10NL_2_4.csv
  Processing 90L_10NL_3_1...
    Saved results to ../../data/accuracies/stem_accuracy_by_tag/vanilla/stem_acc_by_tag_90L_10NL_3_1.csv
  Processing 90L_10NL_3_2...
    Saved results to ../../data/accuracies/stem_accuracy_by_tag/vanilla/stem_acc_by_tag_90L_10NL_3_2.csv
  Processing 90L_10NL_3_3...
    Saved results to ../../data/accuracies/stem_accuracy_by_tag/vanilla/stem_acc_by_tag_90L_10NL_3_3.csv
  Processing 90L_10NL_3_4...
    Saved results to ../../data/accuracies/stem_accuracy_by_tag/vanilla/stem_acc_by_tag_90L_10NL_3_4.csv

  Saved combined results to ../../data/accuracies/stem_accuracy_by_tag/vanilla/stem_acc_by_tag_all_models.csv
  Saved summary statistics to ../../data/accuracies/stem_accuracy_by_tag/vanilla/stem_acc_by_tag_summary.csv

Processing character_separated predictions...
  Processing 10L_90NL_1_1...
    Saved results to ../../data/accuracies/stem_accuracy_by_tag/character_separated/stem_acc_by_tag_10L_90NL_1_1.csv
  Processing 10L_90NL_1_2...
    Saved results to ../../data/accuracies/stem_accuracy_by_tag/character_separated/stem_acc_by_tag_10L_90NL_1_2.csv
  Processing 10L_90NL_1_3...
    Saved results to ../../data/accuracies/stem_accuracy_by_tag/character_separated/stem_acc_by_tag_10L_90NL_1_3.csv
  Processing 10L_90NL_1_4...
    Saved results to ../../data/accuracies/stem_accuracy_by_tag/character_separated/stem_acc_by_tag_10L_90NL_1_4.csv
  Processing 10L_90NL_2_1...
    Saved results to ../../data/accuracies/stem_accuracy_by_tag/character_separated/stem_acc_by_tag_10L_90NL_2_1.csv
  Processing 10L_90NL_2_2...
    Saved results to ../../data/accuracies/stem_accuracy_by_tag/character_separated/stem_acc_by_tag_10L_90NL_2_2.csv
  Processing 10L_90NL_2_3...
    Saved results to ../../data/accuracies/stem_accuracy_by_tag/character_separated/stem_acc_by_tag_10L_90NL_2_3.csv
  Processing 10L_90NL_2_4...
    Saved results to ../../data/accuracies/stem_accuracy_by_tag/character_separated/stem_acc_by_tag_10L_90NL_2_4.csv
  Processing 10L_90NL_3_1...
    Saved results to ../../data/accuracies/stem_accuracy_by_tag/character_separated/stem_acc_by_tag_10L_90NL_3_1.csv
  Processing 10L_90NL_3_2...
    Saved results to ../../data/accuracies/stem_accuracy_by_tag/character_separated/stem_acc_by_tag_10L_90NL_3_2.csv
  Processing 10L_90NL_3_3...
    Saved results to ../../data/accuracies/stem_accuracy_by_tag/character_separated/stem_acc_by_tag_10L_90NL_3_3.csv
  Processing 10L_90NL_3_4...
    Saved results to ../../data/accuracies/stem_accuracy_by_tag/character_separated/stem_acc_by_tag_10L_90NL_3_4.csv
  Processing 50L_50NL_1_1...
    Saved results to ../../data/accuracies/stem_accuracy_by_tag/character_separated/stem_acc_by_tag_50L_50NL_1_1.csv
  Processing 50L_50NL_1_2...
    Saved results to ../../data/accuracies/stem_accuracy_by_tag/character_separated/stem_acc_by_tag_50L_50NL_1_2.csv
  Processing 50L_50NL_1_3...
    Saved results to ../../data/accuracies/stem_accuracy_by_tag/character_separated/stem_acc_by_tag_50L_50NL_1_3.csv
  Processing 50L_50NL_1_4...
    Saved results to ../../data/accuracies/stem_accuracy_by_tag/character_separated/stem_acc_by_tag_50L_50NL_1_4.csv
  Processing 50L_50NL_2_1...
    Saved results to ../../data/accuracies/stem_accuracy_by_tag/character_separated/stem_acc_by_tag_50L_50NL_2_1.csv
  Processing 50L_50NL_2_2...
    Saved results to ../../data/accuracies/stem_accuracy_by_tag/character_separated/stem_acc_by_tag_50L_50NL_2_2.csv
  Processing 50L_50NL_2_3...
    Error reading ../../../processed_predictions_sep_char/50L_50NL_2_3.txt: [Errno 2] No such file or directory: '../../../processed_predictions_sep_char/50L_50NL_2_3.txt'
  Processing 50L_50NL_2_4...
    Saved results to ../../data/accuracies/stem_accuracy_by_tag/character_separated/stem_acc_by_tag_50L_50NL_2_4.csv
  Processing 50L_50NL_3_1...
    Saved results to ../../data/accuracies/stem_accuracy_by_tag/character_separated/stem_acc_by_tag_50L_50NL_3_1.csv
  Processing 50L_50NL_3_2...
    Saved results to ../../data/accuracies/stem_accuracy_by_tag/character_separated/stem_acc_by_tag_50L_50NL_3_2.csv
  Processing 50L_50NL_3_3...
    Saved results to ../../data/accuracies/stem_accuracy_by_tag/character_separated/stem_acc_by_tag_50L_50NL_3_3.csv
  Processing 50L_50NL_3_4...
    Saved results to ../../data/accuracies/stem_accuracy_by_tag/character_separated/stem_acc_by_tag_50L_50NL_3_4.csv
  Processing 90L_10NL_1_1...
    Error reading ../../../processed_predictions_sep_char/90L_10NL_1_1.txt: [Errno 2] No such file or directory: '../../../processed_predictions_sep_char/90L_10NL_1_1.txt'
  Processing 90L_10NL_1_2...
    Saved results to ../../data/accuracies/stem_accuracy_by_tag/character_separated/stem_acc_by_tag_90L_10NL_1_2.csv
  Processing 90L_10NL_1_3...
    Saved results to ../../data/accuracies/stem_accuracy_by_tag/character_separated/stem_acc_by_tag_90L_10NL_1_3.csv
  Processing 90L_10NL_1_4...
    Saved results to ../../data/accuracies/stem_accuracy_by_tag/character_separated/stem_acc_by_tag_90L_10NL_1_4.csv
  Processing 90L_10NL_2_1...
    Saved results to ../../data/accuracies/stem_accuracy_by_tag/character_separated/stem_acc_by_tag_90L_10NL_2_1.csv
  Processing 90L_10NL_2_2...
    Saved results to ../../data/accuracies/stem_accuracy_by_tag/character_separated/stem_acc_by_tag_90L_10NL_2_2.csv
  Processing 90L_10NL_2_3...
    Saved results to ../../data/accuracies/stem_accuracy_by_tag/character_separated/stem_acc_by_tag_90L_10NL_2_3.csv
  Processing 90L_10NL_2_4...
    Saved results to ../../data/accuracies/stem_accuracy_by_tag/character_separated/stem_acc_by_tag_90L_10NL_2_4.csv
  Processing 90L_10NL_3_1...
    Saved results to ../../data/accuracies/stem_accuracy_by_tag/character_separated/stem_acc_by_tag_90L_10NL_3_1.csv
  Processing 90L_10NL_3_2...
    Saved results to ../../data/accuracies/stem_accuracy_by_tag/character_separated/stem_acc_by_tag_90L_10NL_3_2.csv
  Processing 90L_10NL_3_3...
    Saved results to ../../data/accuracies/stem_accuracy_by_tag/character_separated/stem_acc_by_tag_90L_10NL_3_3.csv
  Processing 90L_10NL_3_4...
    Saved results to ../../data/accuracies/stem_accuracy_by_tag/character_separated/stem_acc_by_tag_90L_10NL_3_4.csv

  Saved combined results to ../../data/accuracies/stem_accuracy_by_tag/character_separated/stem_acc_by_tag_all_models.csv
  Saved summary statistics to ../../data/accuracies/stem_accuracy_by_tag/character_separated/stem_acc_by_tag_summary.csv

Processing independent_feature predictions...
  Processing 10L_90NL_1_1...
    Saved results to ../../data/accuracies/stem_accuracy_by_tag/independent_feature/stem_acc_by_tag_10L_90NL_1_1.csv
  Processing 10L_90NL_1_2...
    Saved results to ../../data/accuracies/stem_accuracy_by_tag/independent_feature/stem_acc_by_tag_10L_90NL_1_2.csv
  Processing 10L_90NL_1_3...
    Saved results to ../../data/accuracies/stem_accuracy_by_tag/independent_feature/stem_acc_by_tag_10L_90NL_1_3.csv
  Processing 10L_90NL_1_4...
    Saved results to ../../data/accuracies/stem_accuracy_by_tag/independent_feature/stem_acc_by_tag_10L_90NL_1_4.csv
  Processing 10L_90NL_2_1...
    Saved results to ../../data/accuracies/stem_accuracy_by_tag/independent_feature/stem_acc_by_tag_10L_90NL_2_1.csv
  Processing 10L_90NL_2_2...
    Saved results to ../../data/accuracies/stem_accuracy_by_tag/independent_feature/stem_acc_by_tag_10L_90NL_2_2.csv
  Processing 10L_90NL_2_3...
    Saved results to ../../data/accuracies/stem_accuracy_by_tag/independent_feature/stem_acc_by_tag_10L_90NL_2_3.csv
  Processing 10L_90NL_2_4...
    Saved results to ../../data/accuracies/stem_accuracy_by_tag/independent_feature/stem_acc_by_tag_10L_90NL_2_4.csv
  Processing 10L_90NL_3_1...
    Saved results to ../../data/accuracies/stem_accuracy_by_tag/independent_feature/stem_acc_by_tag_10L_90NL_3_1.csv
  Processing 10L_90NL_3_2...
    Saved results to ../../data/accuracies/stem_accuracy_by_tag/independent_feature/stem_acc_by_tag_10L_90NL_3_2.csv
  Processing 10L_90NL_3_3...
    Saved results to ../../data/accuracies/stem_accuracy_by_tag/independent_feature/stem_acc_by_tag_10L_90NL_3_3.csv
  Processing 10L_90NL_3_4...
    Saved results to ../../data/accuracies/stem_accuracy_by_tag/independent_feature/stem_acc_by_tag_10L_90NL_3_4.csv
  Processing 50L_50NL_1_1...
    Saved results to ../../data/accuracies/stem_accuracy_by_tag/independent_feature/stem_acc_by_tag_50L_50NL_1_1.csv
  Processing 50L_50NL_1_2...
    Saved results to ../../data/accuracies/stem_accuracy_by_tag/independent_feature/stem_acc_by_tag_50L_50NL_1_2.csv
  Processing 50L_50NL_1_3...
    Saved results to ../../data/accuracies/stem_accuracy_by_tag/independent_feature/stem_acc_by_tag_50L_50NL_1_3.csv
  Processing 50L_50NL_1_4...
    Saved results to ../../data/accuracies/stem_accuracy_by_tag/independent_feature/stem_acc_by_tag_50L_50NL_1_4.csv
  Processing 50L_50NL_2_1...
    Saved results to ../../data/accuracies/stem_accuracy_by_tag/independent_feature/stem_acc_by_tag_50L_50NL_2_1.csv
  Processing 50L_50NL_2_2...
    Saved results to ../../data/accuracies/stem_accuracy_by_tag/independent_feature/stem_acc_by_tag_50L_50NL_2_2.csv
  Processing 50L_50NL_2_3...
    Saved results to ../../data/accuracies/stem_accuracy_by_tag/independent_feature/stem_acc_by_tag_50L_50NL_2_3.csv
  Processing 50L_50NL_2_4...
    Saved results to ../../data/accuracies/stem_accuracy_by_tag/independent_feature/stem_acc_by_tag_50L_50NL_2_4.csv
  Processing 50L_50NL_3_1...
    Saved results to ../../data/accuracies/stem_accuracy_by_tag/independent_feature/stem_acc_by_tag_50L_50NL_3_1.csv
  Processing 50L_50NL_3_2...
    Saved results to ../../data/accuracies/stem_accuracy_by_tag/independent_feature/stem_acc_by_tag_50L_50NL_3_2.csv
  Processing 50L_50NL_3_3...
    Saved results to ../../data/accuracies/stem_accuracy_by_tag/independent_feature/stem_acc_by_tag_50L_50NL_3_3.csv
  Processing 50L_50NL_3_4...
    Saved results to ../../data/accuracies/stem_accuracy_by_tag/independent_feature/stem_acc_by_tag_50L_50NL_3_4.csv
  Processing 90L_10NL_1_1...
    No prediction file found for 90L_10NL_1_1 in predictions_independent_feature
  Processing 90L_10NL_1_2...
    Saved results to ../../data/accuracies/stem_accuracy_by_tag/independent_feature/stem_acc_by_tag_90L_10NL_1_2.csv
  Processing 90L_10NL_1_3...
    Saved results to ../../data/accuracies/stem_accuracy_by_tag/independent_feature/stem_acc_by_tag_90L_10NL_1_3.csv
  Processing 90L_10NL_1_4...
    No prediction file found for 90L_10NL_1_4 in predictions_independent_feature
  Processing 90L_10NL_2_1...
    Saved results to ../../data/accuracies/stem_accuracy_by_tag/independent_feature/stem_acc_by_tag_90L_10NL_2_1.csv
  Processing 90L_10NL_2_2...
    Saved results to ../../data/accuracies/stem_accuracy_by_tag/independent_feature/stem_acc_by_tag_90L_10NL_2_2.csv
  Processing 90L_10NL_2_3...
    Saved results to ../../data/accuracies/stem_accuracy_by_tag/independent_feature/stem_acc_by_tag_90L_10NL_2_3.csv
  Processing 90L_10NL_2_4...
    Saved results to ../../data/accuracies/stem_accuracy_by_tag/independent_feature/stem_acc_by_tag_90L_10NL_2_4.csv
  Processing 90L_10NL_3_1...
    Saved results to ../../data/accuracies/stem_accuracy_by_tag/independent_feature/stem_acc_by_tag_90L_10NL_3_1.csv
  Processing 90L_10NL_3_2...
    Saved results to ../../data/accuracies/stem_accuracy_by_tag/independent_feature/stem_acc_by_tag_90L_10NL_3_2.csv
  Processing 90L_10NL_3_3...
    Saved results to ../../data/accuracies/stem_accuracy_by_tag/independent_feature/stem_acc_by_tag_90L_10NL_3_3.csv
  Processing 90L_10NL_3_4...
    Saved results to ../../data/accuracies/stem_accuracy_by_tag/independent_feature/stem_acc_by_tag_90L_10NL_3_4.csv

  Saved combined results to ../../data/accuracies/stem_accuracy_by_tag/independent_feature/stem_acc_by_tag_all_models.csv
  Saved summary statistics to ../../data/accuracies/stem_accuracy_by_tag/independent_feature/stem_acc_by_tag_summary.csv

Processing feature_invariant predictions...
  Processing 10L_90NL_1_1...
    Saved results to ../../data/accuracies/stem_accuracy_by_tag/feature_invariant/stem_acc_by_tag_10L_90NL_1_1.csv
  Processing 10L_90NL_1_2...
    Warning: Data length mismatch for 10L_90NL_1_2
      Predictions: 43561, Test data: 43560, Target tags: 43560
    Saved results to ../../data/accuracies/stem_accuracy_by_tag/feature_invariant/stem_acc_by_tag_10L_90NL_1_2.csv
  Processing 10L_90NL_1_3...
    Saved results to ../../data/accuracies/stem_accuracy_by_tag/feature_invariant/stem_acc_by_tag_10L_90NL_1_3.csv
  Processing 10L_90NL_1_4...
    Saved results to ../../data/accuracies/stem_accuracy_by_tag/feature_invariant/stem_acc_by_tag_10L_90NL_1_4.csv
  Processing 10L_90NL_2_1...
    Saved results to ../../data/accuracies/stem_accuracy_by_tag/feature_invariant/stem_acc_by_tag_10L_90NL_2_1.csv
  Processing 10L_90NL_2_2...
    Saved results to ../../data/accuracies/stem_accuracy_by_tag/feature_invariant/stem_acc_by_tag_10L_90NL_2_2.csv
  Processing 10L_90NL_2_3...
    Saved results to ../../data/accuracies/stem_accuracy_by_tag/feature_invariant/stem_acc_by_tag_10L_90NL_2_3.csv
  Processing 10L_90NL_2_4...
    Saved results to ../../data/accuracies/stem_accuracy_by_tag/feature_invariant/stem_acc_by_tag_10L_90NL_2_4.csv
  Processing 10L_90NL_3_1...
    Saved results to ../../data/accuracies/stem_accuracy_by_tag/feature_invariant/stem_acc_by_tag_10L_90NL_3_1.csv
  Processing 10L_90NL_3_2...
    Saved results to ../../data/accuracies/stem_accuracy_by_tag/feature_invariant/stem_acc_by_tag_10L_90NL_3_2.csv
  Processing 10L_90NL_3_3...
    Saved results to ../../data/accuracies/stem_accuracy_by_tag/feature_invariant/stem_acc_by_tag_10L_90NL_3_3.csv
  Processing 10L_90NL_3_4...
    Saved results to ../../data/accuracies/stem_accuracy_by_tag/feature_invariant/stem_acc_by_tag_10L_90NL_3_4.csv
  Processing 50L_50NL_1_1...
    Saved results to ../../data/accuracies/stem_accuracy_by_tag/feature_invariant/stem_acc_by_tag_50L_50NL_1_1.csv
  Processing 50L_50NL_1_2...
    Saved results to ../../data/accuracies/stem_accuracy_by_tag/feature_invariant/stem_acc_by_tag_50L_50NL_1_2.csv
  Processing 50L_50NL_1_3...
    Saved results to ../../data/accuracies/stem_accuracy_by_tag/feature_invariant/stem_acc_by_tag_50L_50NL_1_3.csv
  Processing 50L_50NL_1_4...
    Saved results to ../../data/accuracies/stem_accuracy_by_tag/feature_invariant/stem_acc_by_tag_50L_50NL_1_4.csv
  Processing 50L_50NL_2_1...
    Saved results to ../../data/accuracies/stem_accuracy_by_tag/feature_invariant/stem_acc_by_tag_50L_50NL_2_1.csv
  Processing 50L_50NL_2_2...
    Saved results to ../../data/accuracies/stem_accuracy_by_tag/feature_invariant/stem_acc_by_tag_50L_50NL_2_2.csv
  Processing 50L_50NL_2_3...
    Saved results to ../../data/accuracies/stem_accuracy_by_tag/feature_invariant/stem_acc_by_tag_50L_50NL_2_3.csv
  Processing 50L_50NL_2_4...
    Saved results to ../../data/accuracies/stem_accuracy_by_tag/feature_invariant/stem_acc_by_tag_50L_50NL_2_4.csv
  Processing 50L_50NL_3_1...
    Saved results to ../../data/accuracies/stem_accuracy_by_tag/feature_invariant/stem_acc_by_tag_50L_50NL_3_1.csv
  Processing 50L_50NL_3_2...
    Saved results to ../../data/accuracies/stem_accuracy_by_tag/feature_invariant/stem_acc_by_tag_50L_50NL_3_2.csv
  Processing 50L_50NL_3_3...
    Saved results to ../../data/accuracies/stem_accuracy_by_tag/feature_invariant/stem_acc_by_tag_50L_50NL_3_3.csv
  Processing 50L_50NL_3_4...
    Saved results to ../../data/accuracies/stem_accuracy_by_tag/feature_invariant/stem_acc_by_tag_50L_50NL_3_4.csv
  Processing 90L_10NL_1_1...
    Saved results to ../../data/accuracies/stem_accuracy_by_tag/feature_invariant/stem_acc_by_tag_90L_10NL_1_1.csv
  Processing 90L_10NL_1_2...
    Saved results to ../../data/accuracies/stem_accuracy_by_tag/feature_invariant/stem_acc_by_tag_90L_10NL_1_2.csv
  Processing 90L_10NL_1_3...
    Saved results to ../../data/accuracies/stem_accuracy_by_tag/feature_invariant/stem_acc_by_tag_90L_10NL_1_3.csv
  Processing 90L_10NL_1_4...
    Saved results to ../../data/accuracies/stem_accuracy_by_tag/feature_invariant/stem_acc_by_tag_90L_10NL_1_4.csv
  Processing 90L_10NL_2_1...
    Saved results to ../../data/accuracies/stem_accuracy_by_tag/feature_invariant/stem_acc_by_tag_90L_10NL_2_1.csv
  Processing 90L_10NL_2_2...
    Saved results to ../../data/accuracies/stem_accuracy_by_tag/feature_invariant/stem_acc_by_tag_90L_10NL_2_2.csv
  Processing 90L_10NL_2_3...
    Saved results to ../../data/accuracies/stem_accuracy_by_tag/feature_invariant/stem_acc_by_tag_90L_10NL_2_3.csv
  Processing 90L_10NL_2_4...
    Saved results to ../../data/accuracies/stem_accuracy_by_tag/feature_invariant/stem_acc_by_tag_90L_10NL_2_4.csv
  Processing 90L_10NL_3_1...
    Saved results to ../../data/accuracies/stem_accuracy_by_tag/feature_invariant/stem_acc_by_tag_90L_10NL_3_1.csv
  Processing 90L_10NL_3_2...
    Saved results to ../../data/accuracies/stem_accuracy_by_tag/feature_invariant/stem_acc_by_tag_90L_10NL_3_2.csv
  Processing 90L_10NL_3_3...
    Saved results to ../../data/accuracies/stem_accuracy_by_tag/feature_invariant/stem_acc_by_tag_90L_10NL_3_3.csv
  Processing 90L_10NL_3_4...
    Saved results to ../../data/accuracies/stem_accuracy_by_tag/feature_invariant/stem_acc_by_tag_90L_10NL_3_4.csv

  Saved combined results to ../../data/accuracies/stem_accuracy_by_tag/feature_invariant/stem_acc_by_tag_all_models.csv
  Saved summary statistics to ../../data/accuracies/stem_accuracy_by_tag/feature_invariant/stem_acc_by_tag_summary.csv

================================================================================
All stem accuracy by tag calculations completed!
================================================================================
